// Jest Snapshot v1, https://goo.gl/fbAQLP

exports[`should render starter squad 1`] = `
<div>
  <h1>
    STARTERS
     
  </h1>
  <div
    className="Squad-Content"
  >
    <div
      className="card"
    >
      <div
        className="data"
      >
        <div
          className="name-container"
        >
          <div
            className="content"
          >
            <p
              className="name-tag"
            >
              name
            </p>
            <p
              className="name"
            >
              081813ad-c751-40e6-a12b-04f61968607b
            </p>
          </div>
        </div>
        <div
          className="atributes"
        >
          <div>
            <p
              className="badge"
            >
              50
            </p>
            <p
              className="atributes-text"
            >
              speed
            </p>
          </div>
          <div>
            <p
              className="badge"
            >
              50
            </p>
            <p
              className="atributes-text"
            >
              strength
            </p>
          </div>
        </div>
      </div>
      <div
        className="player-score"
      >
        <p
          className="score"
        >
           
          100
        </p>
      </div>
    </div>
    <div
      className="card"
    >
      <div
        className="data"
      >
        <div
          className="name-container"
        >
          <div
            className="content"
          >
            <p
              className="name-tag"
            >
              name
            </p>
            <p
              className="name"
            >
              081813ad-c751-40e6-a12b-04f61968607b
            </p>
          </div>
        </div>
        <div
          className="atributes"
        >
          <div>
            <p
              className="badge"
            >
              50
            </p>
            <p
              className="atributes-text"
            >
              speed
            </p>
          </div>
          <div>
            <p
              className="badge"
            >
              49
            </p>
            <p
              className="atributes-text"
            >
              strength
            </p>
          </div>
        </div>
      </div>
      <div
        className="player-score"
      >
        <p
          className="score"
        >
           
          99
        </p>
      </div>
    </div>
    <div
      className="card"
    >
      <div
        className="data"
      >
        <div
          className="name-container"
        >
          <div
            className="content"
          >
            <p
              className="name-tag"
            >
              name
            </p>
            <p
              className="name"
            >
              081813ad-c751-40e6-a12b-04f61968607b
            </p>
          </div>
        </div>
        <div
          className="atributes"
        >
          <div>
            <p
              className="badge"
            >
              49
            </p>
            <p
              className="atributes-text"
            >
              speed
            </p>
          </div>
          <div>
            <p
              className="badge"
            >
              49
            </p>
            <p
              className="atributes-text"
            >
              strength
            </p>
          </div>
        </div>
      </div>
      <div
        className="player-score"
      >
        <p
          className="score"
        >
           
          98
        </p>
      </div>
    </div>
    <div
      className="card"
    >
      <div
        className="data"
      >
        <div
          className="name-container"
        >
          <div
            className="content"
          >
            <p
              className="name-tag"
            >
              name
            </p>
            <p
              className="name"
            >
              081813ad-c751-40e6-a12b-04f61968607b
            </p>
          </div>
        </div>
        <div
          className="atributes"
        >
          <div>
            <p
              className="badge"
            >
              49
            </p>
            <p
              className="atributes-text"
            >
              speed
            </p>
          </div>
          <div>
            <p
              className="badge"
            >
              48
            </p>
            <p
              className="atributes-text"
            >
              strength
            </p>
          </div>
        </div>
      </div>
      <div
        className="player-score"
      >
        <p
          className="score"
        >
           
          97
        </p>
      </div>
    </div>
    <div
      className="card"
    >
      <div
        className="data"
      >
        <div
          className="name-container"
        >
          <div
            className="content"
          >
            <p
              className="name-tag"
            >
              name
            </p>
            <p
              className="name"
            >
              081813ad-c751-40e6-a12b-04f61968607b
            </p>
          </div>
        </div>
        <div
          className="atributes"
        >
          <div>
            <p
              className="badge"
            >
              48
            </p>
            <p
              className="atributes-text"
            >
              speed
            </p>
          </div>
          <div>
            <p
              className="badge"
            >
              48
            </p>
            <p
              className="atributes-text"
            >
              strength
            </p>
          </div>
        </div>
      </div>
      <div
        className="player-score"
      >
        <p
          className="score"
        >
           
          96
        </p>
      </div>
    </div>
    <div
      className="card"
    >
      <div
        className="data"
      >
        <div
          className="name-container"
        >
          <div
            className="content"
          >
            <p
              className="name-tag"
            >
              name
            </p>
            <p
              className="name"
            >
              081813ad-c751-40e6-a12b-04f61968607b
            </p>
          </div>
        </div>
        <div
          className="atributes"
        >
          <div>
            <p
              className="badge"
            >
              48
            </p>
            <p
              className="atributes-text"
            >
              speed
            </p>
          </div>
          <div>
            <p
              className="badge"
            >
              47
            </p>
            <p
              className="atributes-text"
            >
              strength
            </p>
          </div>
        </div>
      </div>
      <div
        className="player-score"
      >
        <p
          className="score"
        >
           
          95
        </p>
      </div>
    </div>
    <div
      className="card"
    >
      <div
        className="data"
      >
        <div
          className="name-container"
        >
          <div
            className="content"
          >
            <p
              className="name-tag"
            >
              name
            </p>
            <p
              className="name"
            >
              081813ad-c751-40e6-a12b-04f61968607b
            </p>
          </div>
        </div>
        <div
          className="atributes"
        >
          <div>
            <p
              className="badge"
            >
              47
            </p>
            <p
              className="atributes-text"
            >
              speed
            </p>
          </div>
          <div>
            <p
              className="badge"
            >
              47
            </p>
            <p
              className="atributes-text"
            >
              strength
            </p>
          </div>
        </div>
      </div>
      <div
        className="player-score"
      >
        <p
          className="score"
        >
           
          94
        </p>
      </div>
    </div>
    <div
      className="card"
    >
      <div
        className="data"
      >
        <div
          className="name-container"
        >
          <div
            className="content"
          >
            <p
              className="name-tag"
            >
              name
            </p>
            <p
              className="name"
            >
              081813ad-c751-40e6-a12b-04f61968607b
            </p>
          </div>
        </div>
        <div
          className="atributes"
        >
          <div>
            <p
              className="badge"
            >
              47
            </p>
            <p
              className="atributes-text"
            >
              speed
            </p>
          </div>
          <div>
            <p
              className="badge"
            >
              46
            </p>
            <p
              className="atributes-text"
            >
              strength
            </p>
          </div>
        </div>
      </div>
      <div
        className="player-score"
      >
        <p
          className="score"
        >
           
          93
        </p>
      </div>
    </div>
    <div
      className="card"
    >
      <div
        className="data"
      >
        <div
          className="name-container"
        >
          <div
            className="content"
          >
            <p
              className="name-tag"
            >
              name
            </p>
            <p
              className="name"
            >
              081813ad-c751-40e6-a12b-04f61968607b
            </p>
          </div>
        </div>
        <div
          className="atributes"
        >
          <div>
            <p
              className="badge"
            >
              46
            </p>
            <p
              className="atributes-text"
            >
              speed
            </p>
          </div>
          <div>
            <p
              className="badge"
            >
              46
            </p>
            <p
              className="atributes-text"
            >
              strength
            </p>
          </div>
        </div>
      </div>
      <div
        className="player-score"
      >
        <p
          className="score"
        >
           
          92
        </p>
      </div>
    </div>
    <div
      className="card"
    >
      <div
        className="data"
      >
        <div
          className="name-container"
        >
          <div
            className="content"
          >
            <p
              className="name-tag"
            >
              name
            </p>
            <p
              className="name"
            >
              081813ad-c751-40e6-a12b-04f61968607b
            </p>
          </div>
        </div>
        <div
          className="atributes"
        >
          <div>
            <p
              className="badge"
            >
              46
            </p>
            <p
              className="atributes-text"
            >
              speed
            </p>
          </div>
          <div>
            <p
              className="badge"
            >
              45
            </p>
            <p
              className="atributes-text"
            >
              strength
            </p>
          </div>
        </div>
      </div>
      <div
        className="player-score"
      >
        <p
          className="score"
        >
           
          91
        </p>
      </div>
    </div>
  </div>
</div>
`;

exports[`should render subs squad 1`] = `
<div>
  <h1>
    SUBS
     
  </h1>
  <div
    className="Squad-Content"
  >
    <div
      className="card"
    >
      <div
        className="data"
      >
        <div
          className="name-container"
        >
          <div
            className="content"
          >
            <p
              className="name-tag"
            >
              name
            </p>
            <p
              className="name"
            >
              081813ad-c751-40e6-a12b-04f61968607b
            </p>
          </div>
        </div>
        <div
          className="atributes"
        >
          <div>
            <p
              className="badge"
            >
              45
            </p>
            <p
              className="atributes-text"
            >
              speed
            </p>
          </div>
          <div>
            <p
              className="badge"
            >
              45
            </p>
            <p
              className="atributes-text"
            >
              strength
            </p>
          </div>
        </div>
      </div>
      <div
        className="player-score"
      >
        <p
          className="score"
        >
           
          90
        </p>
      </div>
    </div>
    <div
      className="card"
    >
      <div
        className="data"
      >
        <div
          className="name-container"
        >
          <div
            className="content"
          >
            <p
              className="name-tag"
            >
              name
            </p>
            <p
              className="name"
            >
              081813ad-c751-40e6-a12b-04f61968607b
            </p>
          </div>
        </div>
        <div
          className="atributes"
        >
          <div>
            <p
              className="badge"
            >
              45
            </p>
            <p
              className="atributes-text"
            >
              speed
            </p>
          </div>
          <div>
            <p
              className="badge"
            >
              44
            </p>
            <p
              className="atributes-text"
            >
              strength
            </p>
          </div>
        </div>
      </div>
      <div
        className="player-score"
      >
        <p
          className="score"
        >
           
          89
        </p>
      </div>
    </div>
    <div
      className="card"
    >
      <div
        className="data"
      >
        <div
          className="name-container"
        >
          <div
            className="content"
          >
            <p
              className="name-tag"
            >
              name
            </p>
            <p
              className="name"
            >
              081813ad-c751-40e6-a12b-04f61968607b
            </p>
          </div>
        </div>
        <div
          className="atributes"
        >
          <div>
            <p
              className="badge"
            >
              44
            </p>
            <p
              className="atributes-text"
            >
              speed
            </p>
          </div>
          <div>
            <p
              className="badge"
            >
              44
            </p>
            <p
              className="atributes-text"
            >
              strength
            </p>
          </div>
        </div>
      </div>
      <div
        className="player-score"
      >
        <p
          className="score"
        >
           
          88
        </p>
      </div>
    </div>
    <div
      className="card"
    >
      <div
        className="data"
      >
        <div
          className="name-container"
        >
          <div
            className="content"
          >
            <p
              className="name-tag"
            >
              name
            </p>
            <p
              className="name"
            >
              081813ad-c751-40e6-a12b-04f61968607b
            </p>
          </div>
        </div>
        <div
          className="atributes"
        >
          <div>
            <p
              className="badge"
            >
              44
            </p>
            <p
              className="atributes-text"
            >
              speed
            </p>
          </div>
          <div>
            <p
              className="badge"
            >
              43
            </p>
            <p
              className="atributes-text"
            >
              strength
            </p>
          </div>
        </div>
      </div>
      <div
        className="player-score"
      >
        <p
          className="score"
        >
           
          87
        </p>
      </div>
    </div>
    <div
      className="card"
    >
      <div
        className="data"
      >
        <div
          className="name-container"
        >
          <div
            className="content"
          >
            <p
              className="name-tag"
            >
              name
            </p>
            <p
              className="name"
            >
              081813ad-c751-40e6-a12b-04f61968607b
            </p>
          </div>
        </div>
        <div
          className="atributes"
        >
          <div>
            <p
              className="badge"
            >
              43
            </p>
            <p
              className="atributes-text"
            >
              speed
            </p>
          </div>
          <div>
            <p
              className="badge"
            >
              43
            </p>
            <p
              className="atributes-text"
            >
              strength
            </p>
          </div>
        </div>
      </div>
      <div
        className="player-score"
      >
        <p
          className="score"
        >
           
          86
        </p>
      </div>
    </div>
  </div>
</div>
`;
